{
  "meta": {
    "built": "2026-09-10",
    "total": 6496,
    "added": 1801,
    "baseline": 4695,
    "evidence_counts": {
      "index": 4694,
      "reviewed": 12,
      "source": 1790
    },
    "status_scope": "No claim of exhaustive open-status verification",
    "methodology": [
      "Detailed cards have individually written statements, context, significance, and documented results. Source notes are unfinished research records and do not yet meet that standard. The legacy index is retained for traceability.",
      "Open in the source means open at the date of that source. The build date, 10 September 2026, does not establish current open status. Old excerpts may omit conditions or subsequent results.",
      "New searches prioritize areas underrepresented relative to the last five completed STOC and FOCS editions. Conference shares guide collection; paper counts and open-problem counts are different quantities.",
      "Selection considers model power, necessary resources, sharp bounds, structural characterizations, explicit constructions, and minimal assumptions. Source notes use a heuristic screen; detailed cards give an individual explanation.",
      "Automatic selection allows at most one new card per paper title and rejects identical formulations and close duplicates within a source. Collection-wide semantic deduplication remains incomplete.",
      "Short quotations retain the source language. Later related literature, where listed, is a research aid rather than evidence of resolution. Personal notes and saved cards are stored locally in your browser."
    ]
  },
  "sources": 4942,
  "candidates": 2275,
  "selected": 1790
}
