{
  "entry_count": 4695,
  "new_entry_count": 3692,
  "preserved_v1_entries": 1003,
  "area_count": 43,
  "distinct_source_documents": 4043,
  "review_counts": {
    "inherited_v1": 1003,
    "manual_source_formulation": 135,
    "automatic_source_passage": 3557
  },
  "scope_counts": {
    "landmark": 37,
    "focused": 1071,
    "problem_family": 30,
    "source_question_passage": 3557
  },
  "source_kind_counts": {
    "original_collection": 1003,
    "book": 21,
    "book_draft": 32,
    "monograph": 7,
    "survey": 75,
    "conference_paper": 3557
  },
  "areas": {
    "Graph theory and graph algorithms": 460,
    "Computational geometry": 356,
    "Parameterized and exact algorithms": 336,
    "Learning theory": 265,
    "Automata and formal languages": 239,
    "General algorithm design": 216,
    "Approximation algorithms": 195,
    "Computational and circuit complexity": 189,
    "Quantum computation": 181,
    "Distributed and local algorithms": 178,
    "Rewriting, lambda calculus and semantics": 144,
    "Data structures and compressed data": 136,
    "Games, synthesis and verification": 131,
    "Online algorithms, bandits and stochastic optimization": 124,
    "Streaming and sketching": 102,
    "Database theory and finite model theory": 96,
    "Computability and algorithmic information": 92,
    "Combinatorics and graph polynomials": 85,
    "Algorithms for biological structures": 82,
    "Pseudorandomness and derandomization": 78,
    "Proof complexity and logic": 78,
    "Cryptography": 76,
    "Algebraic and numerical computation": 75,
    "Algorithmic game theory and fair division": 75,
    "Automated reasoning and unification": 70,
    "Optimization and mathematical programming": 65,
    "Enumeration and counting": 65,
    "Coding and information theory": 61,
    "Scheduling and packing": 60,
    "Computational topology": 59,
    "Communication complexity": 47,
    "Constraint satisfaction": 46,
    "Property testing and distribution learning": 45,
    "Infinite-state systems and verification": 39,
    "Dynamic graph algorithms": 30,
    "Fine-grained complexity": 30,
    "Temporal graph algorithms": 30,
    "Lattices and computational number theory": 29,
    "Existential theory of the reals": 11,
    "Differential privacy": 10,
    "Average-case complexity": 4,
    "Information-based complexity and numerical algorithms": 4,
    "Randomized search and optimization": 1
  },
  "years": {
    "1975": 1,
    "1991": 25,
    "1993": 11,
    "1995": 5,
    "1996": 1,
    "1998": 3,
    "1999": 1,
    "2000": 2,
    "2001": 12,
    "2002": 8,
    "2003": 2,
    "2004": 4,
    "2005": 6,
    "2006": 18,
    "2007": 3,
    "2008": 3,
    "2009": 14,
    "2010": 5,
    "2011": 66,
    "2012": 95,
    "2013": 76,
    "2014": 73,
    "2015": 127,
    "2016": 236,
    "2017": 257,
    "2018": 298,
    "2019": 319,
    "2020": 302,
    "2021": 368,
    "2022": 440,
    "2023": 405,
    "2024": 507,
    "2025": 520,
    "2026": 447,
    "unknown": 35
  },
  "compiled": "2026-09-09",
  "fully_reverified_current_status": false,
  "fully_semantically_deduplicated": false,
  "conference_volumes_searched": 328,
  "conference_paper_files_searched": 16492,
  "manual_sources_searched": 111,
  "manual_sources_retained": 14,
  "automatic_source_papers": 3557,
  "near_identical_sentences_merged": 0,
  "conference_series_retained": [
    "ALT",
    "APPROX/RANDOM",
    "CALCO",
    "CCC",
    "COLT",
    "CONCUR",
    "CPM",
    "CSL",
    "DISC",
    "ESA",
    "FSCD",
    "FSTTCS",
    "FUN",
    "GD",
    "ICALP",
    "ICDT",
    "IPEC",
    "ISAAC",
    "ITC",
    "ITCS",
    "MFCS",
    "OPODIS",
    "SAND",
    "SAT",
    "SEA",
    "STACS",
    "SWAT",
    "SoCG",
    "TIME",
    "TQC",
    "TYPES",
    "WABI",
    "WADS"
  ],
  "method_version": "2.0"
}
