Parsed 200 / 15130 candidates 76
Parsed 400 / 15130 candidates 154
Parsed 600 / 15130 candidates 224
Parsed 800 / 15130 candidates 323
Parsed 1000 / 15130 candidates 478
Parsed 1200 / 15130 candidates 561
Parsed 1400 / 15130 candidates 650
Parsed 1600 / 15130 candidates 732
Parsed 1800 / 15130 candidates 791
Parsed 2000 / 15130 candidates 867
Parsed 2200 / 15130 candidates 954
Parsed 2400 / 15130 candidates 1032
Parsed 2600 / 15130 candidates 1076
Parsed 2800 / 15130 candidates 1154
Parsed 3000 / 15130 candidates 1206
Parsed 3200 / 15130 candidates 1288
Parsed 3400 / 15130 candidates 1377
Parsed 3600 / 15130 candidates 1473
Parsed 3800 / 15130 candidates 1588
Parsed 4000 / 15130 candidates 1647
Parsed 4200 / 15130 candidates 1714
Parsed 4400 / 15130 candidates 1782
Parsed 4600 / 15130 candidates 1857
Parsed 4800 / 15130 candidates 1988
Parsed 5000 / 15130 candidates 2139
Parsed 5200 / 15130 candidates 2213
Parsed 5400 / 15130 candidates 2279
Parsed 5600 / 15130 candidates 2365
Parsed 5800 / 15130 candidates 2466
Parsed 6000 / 15130 candidates 2583
Parsed 6200 / 15130 candidates 2704
Parsed 6400 / 15130 candidates 2796
Parsed 6600 / 15130 candidates 2902
Parsed 6800 / 15130 candidates 3024
Parsed 7000 / 15130 candidates 3141
Parsed 7200 / 15130 candidates 3239
Parsed 7400 / 15130 candidates 3337
Parsed 7600 / 15130 candidates 3391
Parsed 7800 / 15130 candidates 3459
Parsed 8000 / 15130 candidates 3567
Parsed 8200 / 15130 candidates 3653
Parsed 8400 / 15130 candidates 3772
Parsed 8600 / 15130 candidates 3903
Parsed 8800 / 15130 candidates 4080
Parsed 9000 / 15130 candidates 4247
Parsed 9200 / 15130 candidates 4365
Parsed 9400 / 15130 candidates 4460
Parsed 9600 / 15130 candidates 4563
Parsed 9800 / 15130 candidates 4678
Parsed 10000 / 15130 candidates 4826
Parsed 10200 / 15130 candidates 4881
Parsed 10400 / 15130 candidates 4955
Parsed 10600 / 15130 candidates 5019
Parsed 10800 / 15130 candidates 5065
Parsed 11000 / 15130 candidates 5135
Parsed 11200 / 15130 candidates 5245
Parsed 11400 / 15130 candidates 5365
Parsed 11600 / 15130 candidates 5497
Parsed 11800 / 15130 candidates 5584
Parsed 12000 / 15130 candidates 5661
Parsed 12200 / 15130 candidates 5758
Parsed 12400 / 15130 candidates 5829
Parsed 12600 / 15130 candidates 5906
Parsed 12800 / 15130 candidates 5944
Parsed 13000 / 15130 candidates 6029
Parsed 13200 / 15130 candidates 6081
Parsed 13400 / 15130 candidates 6150
Parsed 13600 / 15130 candidates 6210
Parsed 13800 / 15130 candidates 6248
Parsed 14000 / 15130 candidates 6319
Parsed 14200 / 15130 candidates 6405
Parsed 14400 / 15130 candidates 6479
Parsed 14600 / 15130 candidates 6536
Parsed 14800 / 15130 candidates 6608
Parsed 15000 / 15130 candidates 6654
{
  "papers": 15130,
  "candidates": 6694,
  "kinds": {
    "question_in_open_section": 2215,
    "numbered_unresolved_statement": 443,
    "explicit_unresolved_passage": 3675,
    "numbered_open_question": 361
  },
  "years": {
    "2016": 337,
    "2018": 440,
    "2019": 460,
    "2020": 574,
    "2021": 641,
    "2022": 703,
    "2023": 683,
    "2024": 775,
    "2025": 815,
    "2026": 852,
    "2017": 366,
    "2015": 48
  },
  "flags": {
    "requires_source_context": 4176,
    "multiple_question_sentences": 1093,
    "possible_continuation": 530,
    "resolution_language_in_passage": 194,
    "resolution_language_after_passage": 168
  }
}
