{'volume': '30th International Conference on Concurrency Theory (CONCUR 2019)', 'found': 41, 'expected': 41, 'pages': 643, 'pdf_bytes': 22377424}
{'volume': '8th Conference on Algebra and Coalgebra in Computer Science (CALCO 2019)', 'found': 20, 'expected': 20, 'pages': 335, 'pdf_bytes': 17953233}
{'volume': '44th International Symposium on Mathematical Foundations of Computer Science (MFCS 2019)', 'found': 83, 'expected': 83, 'pages': 1183, 'pdf_bytes': 41462213}
{'volume': '34th Computational Complexity Conference (CCC 2019)', 'found': 32, 'expected': 32, 'pages': 809, 'pdf_bytes': 18771500}
{'volume': '14th Conference on the Theory of Quantum Computation, Communication and Cryptography (TQC 2019)', 'found': 10, 'expected': 10, 'pages': 223, 'pdf_bytes': 7679245}
{'volume': '46th International Colloquium on Automata, Languages, and Programming (ICALP 2019)', 'found': 150, 'expected': 151, 'pages': 2187, 'pdf_bytes': 77702353}
{'volume': '4th International Conference on Formal Structures for Computation and Deduction (FSCD 2019)', 'found': 34, 'expected': 34, 'pages': 665, 'pdf_bytes': 18992066}
{'volume': '24th International Conference on Types for Proofs and Programs (TYPES 2018)', 'found': 7, 'expected': 7, 'pages': 145, 'pdf_bytes': 3907301}
{'volume': '35th International Symposium on Computational Geometry (SoCG 2019)', 'found': 66, 'expected': 66, 'pages': 991, 'pdf_bytes': 46649116}
{'volume': '30th Annual Symposium on Combinatorial Pattern Matching (CPM 2019)', 'found': 32, 'expected': 32, 'pages': 473, 'pdf_bytes': 20293155}
{'volume': '22nd International Conference on Database Theory (ICDT 2019)', 'found': 24, 'expected': 24, 'pages': 431, 'pdf_bytes': 14598735}
{'volume': '36th International Symposium on Theoretical Aspects of Computer Science (STACS 2019)', 'found': 59, 'expected': 59, 'pages': 943, 'pdf_bytes': 33102743}
{'volume': '22nd International Conference on Principles of Distributed Systems (OPODIS 2018)', 'found': 31, 'expected': 31, 'pages': 487, 'pdf_bytes': 15984267}
{'volume': '10th Innovations in Theoretical Computer Science Conference (ITCS 2019)', 'found': 66, 'expected': 66, 'pages': 1179, 'pdf_bytes': 33381363}
{'volume': '29th International Symposium on Algorithms and Computation (ISAAC 2018)', 'found': 73, 'expected': 73, 'pages': 955, 'pdf_bytes': 34266413}
{'volume': '38th IARCS Annual Conference on Foundations of Software Technology and Theoretical Computer Science (FSTTCS 2018)', 'found': 48, 'expected': 48, 'pages': 809, 'pdf_bytes': 23173730}
{'volume': '32nd International Symposium on Distributed Computing (DISC 2018)', 'found': 52, 'expected': 52, 'pages': 737, 'pdf_bytes': 23845789}
{'volume': '25th International Symposium on Temporal Representation and Reasoning (TIME 2018)', 'found': 23, 'expected': 23, 'pages': 395, 'pdf_bytes': 20427797}
{'volume': '27th EACSL Annual Conference on Computer Science Logic (CSL 2018)', 'found': 37, 'expected': 37, 'pages': 735, 'pdf_bytes': 19120952}
{'volume': '29th International Conference on Concurrency Theory (CONCUR 2018)', 'found': 42, 'expected': 42, 'pages': 701, 'pdf_bytes': 21727272}
{'volume': '43rd International Symposium on Mathematical Foundations of Computer Science (MFCS 2018)', 'found': 84, 'expected': 84, 'pages': 1329, 'pdf_bytes': 38608366}
{'volume': 'Approximation, Randomization, and Combinatorial Optimization. Algorithms and Techniques (APPROX/RANDOM 2018)', 'found': 58, 'expected': 58, 'pages': 1033, 'pdf_bytes': 32751725}
{'volume': '13th International Symposium on Parameterized and Exact Computation (IPEC 2018)', 'found': 26, 'expected': 26, 'pages': 387, 'pdf_bytes': 13119444}
{'volume': '18th International Workshop on Algorithms in Bioinformatics (WABI 2018)', 'found': 25, 'expected': 25, 'pages': 377, 'pdf_bytes': 17680802}
{'volume': '26th Annual European Symposium on Algorithms (ESA 2018)', 'found': 73, 'expected': 73, 'pages': 1079, 'pdf_bytes': 36490330}
{'volume': '13th Conference on the Theory of Quantum Computation, Communication and Cryptography (TQC 2018)', 'found': 10, 'expected': 10, 'pages': 189, 'pdf_bytes': 6004464}
{'volume': '3rd International Conference on Formal Structures for Computation and Deduction (FSCD 2018)', 'found': 32, 'expected': 32, 'pages': 529, 'pdf_bytes': 15680027}
{'volume': '45th International Colloquium on Automata, Languages, and Programming (ICALP 2018)', 'found': 165, 'expected': 165, 'pages': 2237, 'pdf_bytes': 72953899}
{'volume': '29th Annual Symposium on Combinatorial Pattern Matching (CPM 2018)', 'found': 24, 'expected': 24, 'pages': 329, 'pdf_bytes': 11514431}
{'volume': '17th International Symposium on Experimental Algorithms (SEA 2018)', 'found': 30, 'expected': 30, 'pages': 453, 'pdf_bytes': 39185344}
{'volume': '33rd Computational Complexity Conference (CCC 2018)', 'found': 28, 'expected': 28, 'pages': 693, 'pdf_bytes': 15723448}
{'volume': '16th Scandinavian Symposium and Workshops on Algorithm Theory (SWAT 2018)', 'found': 33, 'expected': 33, 'pages': 417, 'pdf_bytes': 16645371}
{'volume': '9th International Conference on Fun with Algorithms (FUN 2018)', 'found': 32, 'expected': 32, 'pages': 521, 'pdf_bytes': 41089474}
{'volume': '34th International Symposium on Computational Geometry (SoCG 2018)', 'found': 77, 'expected': 77, 'pages': 1111, 'pdf_bytes': 55200071}
{'volume': '21st International Conference on Database Theory (ICDT 2018)', 'found': 20, 'expected': 20, 'pages': 363, 'pdf_bytes': 9743403}
{'volume': '35th Symposium on Theoretical Aspects of Computer Science (STACS 2018)', 'found': 58, 'expected': 58, 'pages': 841, 'pdf_bytes': 25153500}
{'volume': '9th Innovations in Theoretical Computer Science Conference (ITCS 2018)', 'found': 59, 'expected': 59, 'pages': 1077, 'pdf_bytes': 39834821}
