Parsed 200 / 9362 candidates 150
Parsed 400 / 9362 candidates 245
Parsed 600 / 9362 candidates 322
Parsed 800 / 9362 candidates 393
Parsed 1000 / 9362 candidates 480
Parsed 1200 / 9362 candidates 533
Parsed 1400 / 9362 candidates 621
Parsed 1600 / 9362 candidates 726
Parsed 1800 / 9362 candidates 802
Parsed 2000 / 9362 candidates 919
Parsed 2200 / 9362 candidates 996
Parsed 2400 / 9362 candidates 1108
Parsed 2600 / 9362 candidates 1264
Parsed 2800 / 9362 candidates 1387
Parsed 3000 / 9362 candidates 1504
Parsed 3200 / 9362 candidates 1608
Parsed 3400 / 9362 candidates 1705
Parsed 3600 / 9362 candidates 1835
Parsed 3800 / 9362 candidates 1944
Parsed 4000 / 9362 candidates 2055
Parsed 4200 / 9362 candidates 2116
Parsed 4400 / 9362 candidates 2233
Parsed 4600 / 9362 candidates 2336
Parsed 4800 / 9362 candidates 2499
Parsed 5000 / 9362 candidates 2677
Parsed 5200 / 9362 candidates 2793
Parsed 5400 / 9362 candidates 2921
Parsed 5600 / 9362 candidates 3048
Parsed 5800 / 9362 candidates 3119
Parsed 6000 / 9362 candidates 3185
Parsed 6200 / 9362 candidates 3235
Parsed 6400 / 9362 candidates 3349
Parsed 6600 / 9362 candidates 3489
Parsed 6800 / 9362 candidates 3595
Parsed 7000 / 9362 candidates 3656
Parsed 7200 / 9362 candidates 3726
Parsed 7400 / 9362 candidates 3804
Parsed 7600 / 9362 candidates 3870
Parsed 7800 / 9362 candidates 3929
Parsed 8000 / 9362 candidates 3976
Parsed 8200 / 9362 candidates 4037
Parsed 8400 / 9362 candidates 4114
Parsed 8600 / 9362 candidates 4200
Parsed 8800 / 9362 candidates 4256
Parsed 9000 / 9362 candidates 4325
Parsed 9200 / 9362 candidates 4376
{
  "papers": 9362,
  "candidates": 4422,
  "kinds": {
    "question_in_open_section": 1301,
    "explicit_unresolved_passage": 2406,
    "numbered_open_question": 321,
    "numbered_unresolved_statement": 394
  },
  "years": {
    "2021": 602,
    "2023": 564,
    "2025": 794,
    "2022": 641,
    "2024": 755,
    "2026": 821,
    "2020": 175,
    "2019": 52,
    "2018": 18
  },
  "flags": {
    "requires_source_context": 2645,
    "possible_continuation": 340,
    "multiple_question_sentences": 666,
    "resolution_language_in_passage": 118,
    "resolution_language_after_passage": 114
  }
}
