Parsed 200 / 12994 candidates 78
Parsed 400 / 12994 candidates 156
Parsed 600 / 12994 candidates 225
Parsed 800 / 12994 candidates 322
Parsed 1000 / 12994 candidates 463
Parsed 1200 / 12994 candidates 556
Parsed 1400 / 12994 candidates 634
Parsed 1600 / 12994 candidates 701
Parsed 1800 / 12994 candidates 781
Parsed 2000 / 12994 candidates 869
Parsed 2200 / 12994 candidates 914
Parsed 2400 / 12994 candidates 991
Parsed 2600 / 12994 candidates 1065
Parsed 2800 / 12994 candidates 1159
Parsed 3000 / 12994 candidates 1257
Parsed 3200 / 12994 candidates 1359
Parsed 3400 / 12994 candidates 1432
Parsed 3600 / 12994 candidates 1511
Parsed 3800 / 12994 candidates 1591
Parsed 4000 / 12994 candidates 1722
Parsed 4200 / 12994 candidates 1869
Parsed 4400 / 12994 candidates 1963
Parsed 4600 / 12994 candidates 2059
Parsed 4800 / 12994 candidates 2171
Parsed 5000 / 12994 candidates 2286
Parsed 5200 / 12994 candidates 2393
Parsed 5400 / 12994 candidates 2492
Parsed 5600 / 12994 candidates 2620
Parsed 5800 / 12994 candidates 2723
Parsed 6000 / 12994 candidates 2820
Parsed 6200 / 12994 candidates 2917
Parsed 6400 / 12994 candidates 2985
Parsed 6600 / 12994 candidates 3084
Parsed 6800 / 12994 candidates 3170
Parsed 7000 / 12994 candidates 3292
Parsed 7200 / 12994 candidates 3430
Parsed 7400 / 12994 candidates 3615
Parsed 7600 / 12994 candidates 3783
Parsed 7800 / 12994 candidates 3881
Parsed 8000 / 12994 candidates 3984
Parsed 8200 / 12994 candidates 4099
Parsed 8400 / 12994 candidates 4245
Parsed 8600 / 12994 candidates 4318
Parsed 8800 / 12994 candidates 4389
Parsed 9000 / 12994 candidates 4450
Parsed 9200 / 12994 candidates 4496
Parsed 9400 / 12994 candidates 4621
Parsed 9600 / 12994 candidates 4726
Parsed 9800 / 12994 candidates 4864
Parsed 10000 / 12994 candidates 4946
Parsed 10200 / 12994 candidates 5046
Parsed 10400 / 12994 candidates 5110
Parsed 10600 / 12994 candidates 5192
Parsed 10800 / 12994 candidates 5232
Parsed 11000 / 12994 candidates 5318
Parsed 11200 / 12994 candidates 5376
Parsed 11400 / 12994 candidates 5442
Parsed 11600 / 12994 candidates 5491
Parsed 11800 / 12994 candidates 5548
Parsed 12000 / 12994 candidates 5621
Parsed 12200 / 12994 candidates 5704
Parsed 12400 / 12994 candidates 5770
Parsed 12600 / 12994 candidates 5837
Parsed 12800 / 12994 candidates 5893
{
  "papers": 12994,
  "candidates": 5943,
  "kinds": {
    "explicit_unresolved_passage": 3223,
    "question_in_open_section": 1923,
    "numbered_open_question": 358,
    "numbered_unresolved_statement": 439
  },
  "years": {
    "2018": 440,
    "2019": 460,
    "2020": 574,
    "2021": 641,
    "2022": 703,
    "2023": 683,
    "2024": 775,
    "2025": 815,
    "2026": 852
  },
  "flags": {
    "resolution_language_after_passage": 161,
    "requires_source_context": 3667,
    "multiple_question_sentences": 965,
    "possible_continuation": 462,
    "resolution_language_in_passage": 175
  }
}
