Parsed 200 / 16492 candidates 76
Parsed 400 / 16492 candidates 150
Parsed 600 / 16492 candidates 227
Parsed 800 / 16492 candidates 297
Parsed 1000 / 16492 candidates 414
Parsed 1200 / 16492 candidates 569
Parsed 1400 / 16492 candidates 636
Parsed 1600 / 16492 candidates 723
Parsed 1800 / 16492 candidates 809
Parsed 2000 / 16492 candidates 862
Parsed 2200 / 16492 candidates 948
Parsed 2400 / 16492 candidates 1029
Parsed 2600 / 16492 candidates 1115
Parsed 2800 / 16492 candidates 1173
Parsed 3000 / 16492 candidates 1221
Parsed 3200 / 16492 candidates 1299
Parsed 3400 / 16492 candidates 1360
Parsed 3600 / 16492 candidates 1451
Parsed 3800 / 16492 candidates 1552
Parsed 4000 / 16492 candidates 1630
Parsed 4200 / 16492 candidates 1738
Parsed 4400 / 16492 candidates 1797
Parsed 4600 / 16492 candidates 1880
Parsed 4800 / 16492 candidates 1944
Parsed 5000 / 16492 candidates 2010
Parsed 5200 / 16492 candidates 2127
Parsed 5400 / 16492 candidates 2259
Parsed 5600 / 16492 candidates 2369
Parsed 5800 / 16492 candidates 2430
Parsed 6000 / 16492 candidates 2512
Parsed 6200 / 16492 candidates 2614
Parsed 6400 / 16492 candidates 2724
Parsed 6600 / 16492 candidates 2841
Parsed 6800 / 16492 candidates 2943
Parsed 7000 / 16492 candidates 3039
Parsed 7200 / 16492 candidates 3172
Parsed 7400 / 16492 candidates 3276
Parsed 7600 / 16492 candidates 3385
Parsed 7800 / 16492 candidates 3490
Parsed 8000 / 16492 candidates 3560
Parsed 8200 / 16492 candidates 3620
Parsed 8400 / 16492 candidates 3704
Parsed 8600 / 16492 candidates 3798
Parsed 8800 / 16492 candidates 3903
Parsed 9000 / 16492 candidates 4023
Parsed 9200 / 16492 candidates 4171
Parsed 9400 / 16492 candidates 4354
Parsed 9600 / 16492 candidates 4500
Parsed 9800 / 16492 candidates 4604
Parsed 10000 / 16492 candidates 4703
Parsed 10200 / 16492 candidates 4812
Parsed 10400 / 16492 candidates 4945
Parsed 10600 / 16492 candidates 5041
Parsed 10800 / 16492 candidates 5115
Parsed 11000 / 16492 candidates 5184
Parsed 11200 / 16492 candidates 5240
Parsed 11400 / 16492 candidates 5273
Parsed 11600 / 16492 candidates 5322
Parsed 11800 / 16492 candidates 5404
Parsed 12000 / 16492 candidates 5496
Parsed 12200 / 16492 candidates 5625
Parsed 12400 / 16492 candidates 5767
Parsed 12600 / 16492 candidates 5857
Parsed 12800 / 16492 candidates 5933
Parsed 13000 / 16492 candidates 6004
Parsed 13200 / 16492 candidates 6109
Parsed 13400 / 16492 candidates 6167
Parsed 13600 / 16492 candidates 6228
Parsed 13800 / 16492 candidates 6291
Parsed 14000 / 16492 candidates 6375
Parsed 14200 / 16492 candidates 6423
Parsed 14400 / 16492 candidates 6491
Parsed 14600 / 16492 candidates 6548
Parsed 14800 / 16492 candidates 6600
Parsed 15000 / 16492 candidates 6667
Parsed 15200 / 16492 candidates 6744
Parsed 15400 / 16492 candidates 6820
Parsed 15600 / 16492 candidates 6875
Parsed 15800 / 16492 candidates 6943
Parsed 16000 / 16492 candidates 7013
Parsed 16200 / 16492 candidates 7069
Parsed 16400 / 16492 candidates 7099
{
  "papers": 16492,
  "candidates": 7134,
  "kinds": {
    "explicit_unresolved_passage": 3978,
    "question_in_open_section": 2334,
    "numbered_unresolved_statement": 455,
    "numbered_open_question": 367
  },
  "years": {
    "2014": 74,
    "2015": 211,
    "2016": 361,
    "2018": 440,
    "2019": 460,
    "2020": 574,
    "2021": 641,
    "2022": 703,
    "2023": 683,
    "2024": 775,
    "2025": 815,
    "2026": 852,
    "2017": 391,
    "2013": 69,
    "2011": 41,
    "2012": 44
  },
  "flags": {
    "requires_source_context": 4459,
    "resolution_language_in_passage": 206,
    "possible_continuation": 573,
    "multiple_question_sentences": 1162,
    "resolution_language_after_passage": 174
  }
}
