Parsed 200 / 6658 candidates 172
Parsed 400 / 6658 candidates 255
Parsed 600 / 6658 candidates 344
Parsed 800 / 6658 candidates 424
Parsed 1000 / 6658 candidates 529
Parsed 1200 / 6658 candidates 621
Parsed 1400 / 6658 candidates 743
Parsed 1600 / 6658 candidates 870
Parsed 1800 / 6658 candidates 1017
Parsed 2000 / 6658 candidates 1128
Parsed 2200 / 6658 candidates 1241
Parsed 2400 / 6658 candidates 1363
Parsed 2600 / 6658 candidates 1516
Parsed 2800 / 6658 candidates 1619
Parsed 3000 / 6658 candidates 1734
Parsed 3200 / 6658 candidates 1916
Parsed 3400 / 6658 candidates 2121
Parsed 3600 / 6658 candidates 2250
Parsed 3800 / 6658 candidates 2388
Parsed 4000 / 6658 candidates 2460
Parsed 4200 / 6658 candidates 2518
Parsed 4400 / 6658 candidates 2634
Parsed 4600 / 6658 candidates 2777
Parsed 4800 / 6658 candidates 2848
Parsed 5000 / 6658 candidates 2922
Parsed 5200 / 6658 candidates 3002
Parsed 5400 / 6658 candidates 3115
Parsed 5600 / 6658 candidates 3277
Parsed 5800 / 6658 candidates 3428
Parsed 6000 / 6658 candidates 3613
Parsed 6200 / 6658 candidates 3760
Parsed 6400 / 6658 candidates 3839
Parsed 6600 / 6658 candidates 3917
{
  "papers": 6658,
  "candidates": 3939,
  "kinds": {
    "numbered_open_question": 251,
    "question_in_open_section": 1607,
    "explicit_unresolved_passage": 1684,
    "numbered_unresolved_statement": 397
  },
  "years": {
    "2023": 715,
    "2025": 866,
    "2024": 925,
    "2026": 960,
    "2022": 264,
    "2020": 74,
    "2021": 135
  },
  "flags": {
    "possible_continuation": 480,
    "requires_source_context": 2183,
    "multiple_question_sentences": 805,
    "resolution_language_after_passage": 116,
    "resolution_language_in_passage": 96
  }
}
