Discovered 195 volumes
Metadata 20
Metadata 40
Metadata 60
Metadata 80
Metadata 100
Metadata 120
Metadata 140
Metadata 160
Metadata 180
Metadata complete 195 volumes 9467 papers
{"volume": "Approximation, Randomization, and Combinatorial Optimization. Algorithms and Techniques (APPROX/RANDOM 2026)", "found": 0, "expected": 78, "pages": 1631, "pdf_bytes": 53535602}
{"volume": "37th International Conference on Concurrency Theory (CONCUR 2026)", "found": 49, "expected": 49, "pages": 971, "pdf_bytes": 34902148}
{"volume": "26th International Conference on Algorithms for Bioinformatics (WABI 2026)", "found": 31, "expected": 31, "pages": 619, "pdf_bytes": 36286567}
{"volume": "21st Conference on the Theory of Quantum Computation, Communication and Cryptography (TQC 2026)", "found": 8, "expected": 8, "pages": 171, "pdf_bytes": 5574192}
{"volume": "34th Annual European Symposium on Algorithms (ESA 2026)", "found": 160, "expected": 160, "pages": 3049, "pdf_bytes": 125402074}
{"volume": "51st International Symposium on Mathematical Foundations of Computer Science (MFCS 2026)", "found": 100, "expected": 100, "pages": 1661, "pdf_bytes": 62055305}
{"volume": "7th Conference on Information-Theoretic Cryptography (ITC 2026)", "found": 12, "expected": 12, "pages": 279, "pdf_bytes": 7894748}
{"volume": "31st International Conference on Types for Proofs and Programs (TYPES 2025)", "found": 15, "expected": 15, "pages": 347, "pdf_bytes": 11375444}
{"volume": "41st Computational Complexity Conference (CCC 2026)", "found": 42, "expected": 42, "pages": 1055, "pdf_bytes": 27238484}
{"volume": "11th International Conference on Formal Structures for Computation and Deduction (FSCD 2026)", "found": 34, "expected": 34, "pages": 717, "pdf_bytes": 22663428}
{"volume": "29th International Conference on Theory and Applications of Satisfiability Testing (SAT 2026)", "found": 43, "expected": 43, "pages": 731, "pdf_bytes": 40144286}
{"volume": "53rd International Colloquium on Automata, Languages, and Programming (ICALP 2026)", "found": 192, "expected": 192, "pages": 4011, "pdf_bytes": 136167612}
{"volume": "5th Symposium on Algorithmic Foundations of Dynamic Networks (SAND 2026)", "found": 27, "expected": 27, "pages": 381, "pdf_bytes": 16986705}
{"volume": "24th International Symposium on Experimental Algorithms (SEA 2026)", "found": 28, "expected": 28, "pages": 549, "pdf_bytes": 33594053}
{"volume": "20th Scandinavian Symposium on Algorithm Theory (SWAT 2026)", "found": 40, "expected": 40, "pages": 701, "pdf_bytes": 27135829}
{"volume": "37th Annual Symposium on Combinatorial Pattern Matching (CPM 2026)", "found": 36, "expected": 36, "pages": 645, "pdf_bytes": 25053343}
{"volume": "42nd International Symposium on Computational Geometry (SoCG 2026)", "found": 108, "expected": 108, "pages": 1725, "pdf_bytes": 186491327}
{"volume": "13th International Conference on Fun with Algorithms (FUN 2026)", "found": 40, "expected": 40, "pages": 753, "pdf_bytes": 53897805}
{"volume": "29th International Conference on Database Theory (ICDT 2026)", "found": 28, "expected": 28, "pages": 487, "pdf_bytes": 18988220}
{"volume": "43rd International Symposium on Theoretical Aspects of Computer Science (STACS 2026)", "found": 81, "expected": 81, "pages": 1567, "pdf_bytes": 53627690}
{"volume": "34th EACSL Annual Conference on Computer Science Logic (CSL 2026)", "found": 48, "expected": 48, "pages": 959, "pdf_bytes": 33808117}
{"volume": "17th Innovations in Theoretical Computer Science Conference (ITCS 2026)", "found": 118, "expected": 118, "pages": 2407, "pdf_bytes": 81712361}
{"volume": "29th International Conference on Principles of Distributed Systems (OPODIS 2025)", "found": 36, "expected": 36, "pages": 681, "pdf_bytes": 23000144}
{"volume": "45th IARCS Annual Conference on Foundations of Software Technology and Theoretical Computer Science (FSTTCS 2025)", "found": 52, "expected": 52, "pages": 971, "pdf_bytes": 33511880}
{"volume": "36th International Symposium on Algorithms and Computation (ISAAC 2025)", "found": 54, "expected": 54, "pages": 963, "pdf_bytes": 41793342}
{"volume": "20th International Symposium on Parameterized and Exact Computation (IPEC 2025)", "found": 40, "expected": 40, "pages": 591, "pdf_bytes": 23906373}
{"volume": "33rd International Symposium on Graph Drawing and Network Visualization (GD 2025)", "found": 56, "expected": 56, "pages": 803, "pdf_bytes": 185757833}
{"volume": "39th International Symposium on Distributed Computing (DISC 2025)", "found": 66, "expected": 66, "pages": 1145, "pdf_bytes": 40281084}
{"volume": "32nd International Symposium on Temporal Representation and Reasoning (TIME 2025)", "found": 21, "expected": 21, "pages": 243, "pdf_bytes": 13107857}
{"volume": "Approximation, Randomization, and Combinatorial Optimization. Algorithms and Techniques (APPROX/RANDOM 2025)", "found": 0, "expected": 68, "pages": 1389, "pdf_bytes": 42985414}
{"volume": "33rd Annual European Symposium on Algorithms (ESA 2025)", "found": 116, "expected": 116, "pages": 1881, "pdf_bytes": 83183740}
{"volume": "20th Conference on the Theory of Quantum Computation, Communication and Cryptography (TQC 2025)", "found": 12, "expected": 12, "pages": 267, "pdf_bytes": 8649414}
{"volume": "19th International Symposium on Algorithms and Data Structures (WADS 2025)", "found": 50, "expected": 50, "pages": 883, "pdf_bytes": 35437835}
{"volume": "36th International Conference on Concurrency Theory (CONCUR 2025)", "found": 39, "expected": 39, "pages": 781, "pdf_bytes": 26923773}
{"volume": "50th International Symposium on Mathematical Foundations of Computer Science (MFCS 2025)", "found": 93, "expected": 93, "pages": 1651, "pdf_bytes": 55263713}
{"volume": "25th International Conference on Algorithms for Bioinformatics (WABI 2025)", "found": 23, "expected": 23, "pages": 437, "pdf_bytes": 26856302}
{"volume": "6th Conference on Information-Theoretic Cryptography (ITC 2025)", "found": 12, "expected": 12, "pages": 259, "pdf_bytes": 8164819}
{"volume": "11th Conference on Algebra and Coalgebra in Computer Science (CALCO 2025)", "found": 16, "expected": 16, "pages": 293, "pdf_bytes": 11294155}
{"volume": "28th International Conference on Theory and Applications of Satisfiability Testing (SAT 2025)", "found": 32, "expected": 32, "pages": 567, "pdf_bytes": 21909929}
{"volume": "40th Computational Complexity Conference (CCC 2025)", "found": 36, "expected": 36, "pages": 991, "pdf_bytes": 25115288}
{"volume": "23rd International Symposium on Experimental Algorithms (SEA 2025)", "found": 27, "expected": 27, "pages": 503, "pdf_bytes": 29979935}
{"volume": "10th International Conference on Formal Structures for Computation and Deduction (FSCD 2025)", "found": 33, "expected": 34, "pages": 725, "pdf_bytes": 24946576}
{"volume": "30th International Conference on Types for Proofs and Programs (TYPES 2024)", "found": 9, "expected": 9, "pages": 191, "pdf_bytes": 6181686}
{"volume": "52nd International Colloquium on Automata, Languages, and Programming (ICALP 2025)", "found": 172, "expected": 172, "pages": 3275, "pdf_bytes": 118063248}
{"volume": "41st International Symposium on Computational Geometry (SoCG 2025)", "found": 85, "expected": 85, "pages": 1347, "pdf_bytes": 88713118}
{"volume": "36th Annual Symposium on Combinatorial Pattern Matching (CPM 2025)", "found": 29, "expected": 29, "pages": 529, "pdf_bytes": 26843179}
{"volume": "4th Symposium on Algorithmic Foundations of Dynamic Networks (SAND 2025)", "found": 24, "expected": 24, "pages": 343, "pdf_bytes": 14810290}
{"volume": "28th International Conference on Database Theory (ICDT 2025)", "found": 36, "expected": 36, "pages": 635, "pdf_bytes": 13926526}
{"volume": "42nd International Symposium on Theoretical Aspects of Computer Science (STACS 2025)", "found": 76, "expected": 76, "pages": 1389, "pdf_bytes": 24686161}
{"volume": "33rd EACSL Annual Conference on Computer Science Logic (CSL 2025)", "found": 49, "expected": 49, "pages": 989, "pdf_bytes": 30166903}
{"volume": "16th Innovations in Theoretical Computer Science Conference (ITCS 2025)", "found": 96, "expected": 96, "pages": 1923, "pdf_bytes": 59091224}
{"volume": "28th International Conference on Principles of Distributed Systems (OPODIS 2024)", "found": 38, "expected": 38, "pages": 773, "pdf_bytes": 25306501}
{"volume": "44th IARCS Annual Conference on Foundations of Software Technology and Theoretical Computer Science (FSTTCS 2024)", "found": 34, "expected": 34, "pages": 671, "pdf_bytes": 10684656}
{"volume": "35th International Symposium on Algorithms and Computation (ISAAC 2024)", "found": 59, "expected": 59, "pages": 957, "pdf_bytes": 20229052}
{"volume": "19th International Symposium on Parameterized and Exact Computation (IPEC 2024)", "found": 35, "expected": 35, "pages": 517, "pdf_bytes": 9178572}
{"volume": "32nd International Symposium on Graph Drawing and Network Visualization (GD 2024)", "found": 61, "expected": 61, "pages": 755, "pdf_bytes": 42343252}
{"volume": "38th International Symposium on Distributed Computing (DISC 2024)", "found": 55, "expected": 55, "pages": 953, "pdf_bytes": 17018075}
{"volume": "31st International Symposium on Temporal Representation and Reasoning (TIME 2024)", "found": 20, "expected": 20, "pages": 309, "pdf_bytes": 6559813}
{"volume": "Approximation, Randomization, and Combinatorial Optimization. Algorithms and Techniques (APPROX/RANDOM 2024)", "found": 0, "expected": 75, "pages": 1497, "pdf_bytes": 27013668}
{"volume": "24th International Workshop on Algorithms in Bioinformatics (WABI 2024)", "found": 23, "expected": 23, "pages": 455, "pdf_bytes": 38563593}
{"volume": "35th International Conference on Concurrency Theory (CONCUR 2024)", "found": 40, "expected": 40, "pages": 753, "pdf_bytes": 24624666}
{"volume": "19th Conference on the Theory of Quantum Computation, Communication and Cryptography (TQC 2024)", "found": 12, "expected": 12, "pages": 261, "pdf_bytes": 5155767}
{"volume": "32nd Annual European Symposium on Algorithms (ESA 2024)", "found": 105, "expected": 105, "pages": 1735, "pdf_bytes": 35726010}
{"volume": "49th International Symposium on Mathematical Foundations of Computer Science (MFCS 2024)", "found": 85, "expected": 85, "pages": 1363, "pdf_bytes": 51414603}
{"volume": "27th International Conference on Theory and Applications of Satisfiability Testing (SAT 2024)", "found": 31, "expected": 31, "pages": 579, "pdf_bytes": 30283368}
{"volume": "5th Conference on Information-Theoretic Cryptography (ITC 2024)", "found": 11, "expected": 11, "pages": 233, "pdf_bytes": 4353773}
{"volume": "29th International Conference on Types for Proofs and Programs (TYPES 2023)", "found": 6, "expected": 6, "pages": 139, "pdf_bytes": 2050298}
{"volume": "22nd International Symposium on Experimental Algorithms (SEA 2024)", "found": 28, "expected": 28, "pages": 549, "pdf_bytes": 30871897}
{"volume": "39th Computational Complexity Conference (CCC 2024)", "found": 36, "expected": 36, "pages": 953, "pdf_bytes": 13304606}
{"volume": "9th International Conference on Formal Structures for Computation and Deduction (FSCD 2024)", "found": 33, "expected": 33, "pages": 693, "pdf_bytes": 13938056}
{"volume": "51st International Colloquium on Automata, Languages, and Programming (ICALP 2024)", "found": 157, "expected": 157, "pages": 2939, "pdf_bytes": 98987097}
{"volume": "35th Annual Symposium on Combinatorial Pattern Matching (CPM 2024)", "found": 28, "expected": 28, "pages": 473, "pdf_bytes": 10673182}
{"volume": "19th Scandinavian Symposium and Workshops on Algorithm Theory (SWAT 2024)", "found": 40, "expected": 40, "pages": 687, "pdf_bytes": 30937081}
{"volume": "40th International Symposium on Computational Geometry (SoCG 2024)", "found": 92, "expected": 92, "pages": 1413, "pdf_bytes": 72415626}
{"volume": "3rd Symposium on Algorithmic Foundations of Dynamic Networks (SAND 2024)", "found": 27, "expected": 27, "pages": 375, "pdf_bytes": 8089107}
{"volume": "12th International Conference on Fun with Algorithms (FUN 2024)", "found": 34, "expected": 34, "pages": 571, "pdf_bytes": 49441526}
{"volume": "27th International Conference on Database Theory (ICDT 2024)", "found": 25, "expected": 25, "pages": 485, "pdf_bytes": 7963393}
{"volume": "41st International Symposium on Theoretical Aspects of Computer Science (STACS 2024)", "found": 59, "expected": 59, "pages": 1049, "pdf_bytes": 21362341}
{"volume": "32nd EACSL Annual Conference on Computer Science Logic (CSL 2024)", "found": 48, "expected": 48, "pages": 893, "pdf_bytes": 17078440}
{"volume": "15th Innovations in Theoretical Computer Science Conference (ITCS 2024)", "found": 103, "expected": 103, "pages": 2171, "pdf_bytes": 41859683}
{"volume": "27th International Conference on Principles of Distributed Systems (OPODIS 2023)", "found": 35, "expected": 35, "pages": 703, "pdf_bytes": 22556019}
{"volume": "18th International Symposium on Parameterized and Exact Computation (IPEC 2023)", "found": 40, "expected": 40, "pages": 645, "pdf_bytes": 11926376}
{"volume": "43rd IARCS Annual Conference on Foundations of Software Technology and Theoretical Computer Science (FSTTCS 2023)", "found": 43, "expected": 43, "pages": 785, "pdf_bytes": 13726593}
{"volume": "34th International Symposium on Algorithms and Computation (ISAAC 2023)", "found": 57, "expected": 57, "pages": 961, "pdf_bytes": 34787226}
{"volume": "37th International Symposium on Distributed Computing (DISC 2023)", "found": 47, "expected": 47, "pages": 837, "pdf_bytes": 29514135}
{"volume": "34th International Conference on Concurrency Theory (CONCUR 2023)", "found": 39, "expected": 39, "pages": 667, "pdf_bytes": 14551711}
{"volume": "30th International Symposium on Temporal Representation and Reasoning (TIME 2023)", "found": 22, "expected": 22, "pages": 255, "pdf_bytes": 5913909}
{"volume": "Approximation, Randomization, and Combinatorial Optimization. Algorithms and Techniques (APPROX/RANDOM 2023)", "found": 0, "expected": 66, "pages": 1305, "pdf_bytes": 21131516}
{"volume": "31st Annual European Symposium on Algorithms (ESA 2023)", "found": 104, "expected": 104, "pages": 1701, "pdf_bytes": 40754002}
{"volume": "23rd International Workshop on Algorithms in Bioinformatics (WABI 2023)", "found": 23, "expected": 23, "pages": 401, "pdf_bytes": 26212811}
{"volume": "48th International Symposium on Mathematical Foundations of Computer Science (MFCS 2023)", "found": 88, "expected": 88, "pages": 1303, "pdf_bytes": 28305510}
{"volume": "26th International Conference on Theory and Applications of Satisfiability Testing (SAT 2023)", "found": 30, "expected": 30, "pages": 523, "pdf_bytes": 11421132}
{"volume": "10th Conference on Algebra and Coalgebra in Computer Science (CALCO 2023)", "found": 24, "expected": 24, "pages": 337, "pdf_bytes": 7637578}
{"volume": "28th International Conference on Types for Proofs and Programs (TYPES 2022)", "found": 15, "expected": 15, "pages": 343, "pdf_bytes": 4509292}
{"volume": "4th Conference on Information-Theoretic Cryptography (ITC 2023)", "found": 18, "expected": 18, "pages": 359, "pdf_bytes": 6153172}
{"volume": "18th Conference on the Theory of Quantum Computation, Communication and Cryptography (TQC 2023)", "found": 14, "expected": 14, "pages": 315, "pdf_bytes": 5840562}
{"volume": "21st International Symposium on Experimental Algorithms (SEA 2023)", "found": 21, "expected": 21, "pages": 391, "pdf_bytes": 23844076}
{"volume": "38th Computational Complexity Conference (CCC 2023)", "found": 36, "expected": 36, "pages": 937, "pdf_bytes": 14679979}
{"volume": "50th International Colloquium on Automata, Languages, and Programming (ICALP 2023)", "found": 137, "expected": 137, "pages": 2487, "pdf_bytes": 47847552}
{"volume": "8th International Conference on Formal Structures for Computation and Deduction (FSCD 2023)", "found": 34, "expected": 34, "pages": 659, "pdf_bytes": 10505334}
{"volume": "34th Annual Symposium on Combinatorial Pattern Matching (CPM 2023)", "found": 26, "expected": 26, "pages": 473, "pdf_bytes": 10184411}
{"volume": "39th International Symposium on Computational Geometry (SoCG 2023)", "found": 67, "expected": 67, "pages": 1059, "pdf_bytes": 56172985}
{"volume": "2nd Symposium on Algorithmic Foundations of Dynamic Networks (SAND 2023)", "found": 14, "expected": 14, "pages": 279, "pdf_bytes": 6097746}
{"volume": "26th International Conference on Database Theory (ICDT 2023)", "found": 24, "expected": 24, "pages": 467, "pdf_bytes": 9405609}
{"volume": "40th International Symposium on Theoretical Aspects of Computer Science (STACS 2023)", "found": 55, "expected": 55, "pages": 1027, "pdf_bytes": 18607511}
{"volume": "26th International Conference on Principles of Distributed Systems (OPODIS 2022)", "found": 28, "expected": 28, "pages": 537, "pdf_bytes": 12125971}
{"volume": "31st EACSL Annual Conference on Computer Science Logic (CSL 2023)", "found": 38, "expected": 38, "pages": 719, "pdf_bytes": 11709683}
{"volume": "14th Innovations in Theoretical Computer Science Conference (ITCS 2023)", "error": "Command '['pdftotext', '-layout', '/home/vasek/benchmark/tcs-open-problems/expand/cache/fd408b864b94687bc84a3a05.pdf', '/home/vasek/benchmark/tcs-open-problems/expand/cache/fd408b864b94687bc84a3a05.txt']' timed out after 179.999980624998 seconds"}
{"volume": "42nd IARCS Annual Conference on Foundations of Software Technology and Theoretical Computer Science (FSTTCS 2022)", "found": 44, "expected": 44, "pages": 793, "pdf_bytes": 20089504}
{"volume": "17th International Symposium on Parameterized and Exact Computation (IPEC 2022)", "found": 32, "expected": 32, "pages": 521, "pdf_bytes": 15391502}
{"volume": "33rd International Symposium on Algorithms and Computation (ISAAC 2022)", "found": 67, "expected": 67, "pages": 1081, "pdf_bytes": 49924500}
{"volume": "29th International Symposium on Temporal Representation and Reasoning (TIME 2022)", "found": 15, "expected": 15, "pages": 223, "pdf_bytes": 6351010}
{"volume": "36th International Symposium on Distributed Computing (DISC 2022)", "found": 52, "expected": 52, "pages": 791, "pdf_bytes": 18207994}
{"volume": "Approximation, Randomization, and Combinatorial Optimization. Algorithms and Techniques (APPROX/RANDOM 2022)", "found": 0, "expected": 55, "pages": 1065, "pdf_bytes": 23392982}
{"volume": "30th Annual European Symposium on Algorithms (ESA 2022)", "found": 92, "expected": 92, "pages": 1407, "pdf_bytes": 37850924}
{"volume": "33rd International Conference on Concurrency Theory (CONCUR 2022)", "found": 37, "expected": 37, "pages": 713, "pdf_bytes": 14432571}
{"volume": "22nd International Workshop on Algorithms in Bioinformatics (WABI 2022)", "found": 25, "expected": 25, "pages": 475, "pdf_bytes": 20222883}
{"volume": "47th International Symposium on Mathematical Foundations of Computer Science (MFCS 2022)", "found": 83, "expected": 83, "pages": 1237, "pdf_bytes": 24748809}
{"volume": "27th International Conference on Types for Proofs and Programs (TYPES 2021)", "found": 12, "expected": 12, "pages": 281, "pdf_bytes": 4531192}
{"volume": "25th International Conference on Theory and Applications of Satisfiability Testing (SAT 2022)", "found": 31, "expected": 31, "pages": 619, "pdf_bytes": 15954189}
{"volume": "37th Computational Complexity Conference (CCC 2022)", "found": 38, "expected": 38, "pages": 961, "pdf_bytes": 14545927}
{"volume": "20th International Symposium on Experimental Algorithms (SEA 2022)", "found": 24, "expected": 24, "pages": 435, "pdf_bytes": 32837738}
{"volume": "17th Conference on the Theory of Quantum Computation, Communication and Cryptography (TQC 2022)", "found": 12, "expected": 12, "pages": 219, "pdf_bytes": 4092749}
{"volume": "3rd Conference on Information-Theoretic Cryptography (ITC 2022)", "found": 17, "expected": 17, "pages": 329, "pdf_bytes": 5816481}
{"volume": "49th International Colloquium on Automata, Languages, and Programming (ICALP 2022)", "found": 133, "expected": 133, "pages": 2517, "pdf_bytes": 54068654}
{"volume": "7th International Conference on Formal Structures for Computation and Deduction (FSCD 2022)", "found": 32, "expected": 32, "pages": 653, "pdf_bytes": 12381365}
{"volume": "18th Scandinavian Symposium and Workshops on Algorithm Theory (SWAT 2022)", "found": 33, "expected": 33, "pages": 559, "pdf_bytes": 11615171}
{"volume": "11th International Conference on Fun with Algorithms (FUN 2022)", "found": 24, "expected": 24, "pages": 451, "pdf_bytes": 18706885}
{"volume": "38th International Symposium on Computational Geometry (SoCG 2022)", "found": 74, "expected": 74, "pages": 1111, "pdf_bytes": 63635223}
{"volume": "33rd Annual Symposium on Combinatorial Pattern Matching (CPM 2022)", "found": 29, "expected": 29, "pages": 471, "pdf_bytes": 11769594}
{"volume": "1st Symposium on Algorithmic Foundations of Dynamic Networks (SAND 2022)", "found": 24, "expected": 24, "pages": 371, "pdf_bytes": 21821530}
{"volume": "25th International Conference on Database Theory (ICDT 2022)", "found": 19, "expected": 19, "pages": 355, "pdf_bytes": 6679774}
{"volume": "39th International Symposium on Theoretical Aspects of Computer Science (STACS 2022)", "error": "Command '['pdftotext', '-layout', '/home/vasek/benchmark/tcs-open-problems/expand/cache/b80fd974e6dc017ecf5ceeb2.pdf', '/home/vasek/benchmark/tcs-open-problems/expand/cache/b80fd974e6dc017ecf5ceeb2.txt']' timed out after 179.9999813409995 seconds"}
{"volume": "25th International Conference on Principles of Distributed Systems (OPODIS 2021)", "found": 31, "expected": 31, "pages": 581, "pdf_bytes": 11655410}
{"volume": "30th EACSL Annual Conference on Computer Science Logic (CSL 2022)", "found": 37, "expected": 37, "pages": 685, "pdf_bytes": 14073681}
{"volume": "13th Innovations in Theoretical Computer Science Conference (ITCS 2022)", "found": 120, "expected": 120, "pages": 2411, "pdf_bytes": 46160216}
{"volume": "16th International Symposium on Parameterized and Exact Computation (IPEC 2021)", "found": 35, "expected": 35, "pages": 475, "pdf_bytes": 10461082}
{"volume": "41st IARCS Annual Conference on Foundations of Software Technology and Theoretical Computer Science (FSTTCS 2021)", "found": 52, "expected": 52, "pages": 867, "pdf_bytes": 18104899}
{"volume": "32nd International Symposium on Algorithms and Computation (ISAAC 2021)", "found": 74, "expected": 74, "pages": 1189, "pdf_bytes": 37679811}
{"volume": "9th Conference on Algebra and Coalgebra in Computer Science (CALCO 2021)", "found": 24, "expected": 24, "pages": 385, "pdf_bytes": 7123260}
{"volume": "35th International Symposium on Distributed Computing (DISC 2021)", "found": 63, "expected": 63, "pages": 861, "pdf_bytes": 33572781}
{"volume": "Approximation, Randomization, and Combinatorial Optimization. Algorithms and Techniques (APPROX/RANDOM 2021)", "found": 0, "expected": 62, "pages": 1241, "pdf_bytes": 23061637}
{"volume": "28th International Symposium on Temporal Representation and Reasoning (TIME 2021)", "found": 17, "expected": 17, "pages": 245, "pdf_bytes": 6816498}
{"volume": "29th Annual European Symposium on Algorithms (ESA 2021)", "found": 82, "expected": 82, "pages": 1342, "pdf_bytes": 40859883}
{"volume": "32nd International Conference on Concurrency Theory (CONCUR 2021)", "found": 36, "expected": 36, "pages": 673, "pdf_bytes": 14445891}
{"volume": "46th International Symposium on Mathematical Foundations of Computer Science (MFCS 2021)", "found": 90, "expected": 90, "pages": 1561, "pdf_bytes": 29935369}
{"volume": "21st International Workshop on Algorithms in Bioinformatics (WABI 2021)", "found": 20, "expected": 20, "pages": 401, "pdf_bytes": 15384268}
{"volume": "36th Computational Complexity Conference (CCC 2021)", "found": 41, "expected": 41, "pages": 1291, "pdf_bytes": 21001186}
{"volume": "2nd Conference on Information-Theoretic Cryptography (ITC 2021)", "found": 26, "expected": 26, "pages": 591, "pdf_bytes": 8723555}
{"volume": "48th International Colloquium on Automata, Languages, and Programming (ICALP 2021)", "found": 143, "expected": 143, "pages": 2623, "pdf_bytes": 45571205}
{"volume": "16th Conference on the Theory of Quantum Computation, Communication and Cryptography (TQC 2021)", "found": 10, "expected": 10, "pages": 179, "pdf_bytes": 5801261}
{"volume": "6th International Conference on Formal Structures for Computation and Deduction (FSCD 2021)", "found": 32, "expected": 32, "pages": 635, "pdf_bytes": 14446665}
{"volume": "32nd Annual Symposium on Combinatorial Pattern Matching (CPM 2021)", "found": 25, "expected": 25, "pages": 405, "pdf_bytes": 11092899}
{"volume": "19th International Symposium on Experimental Algorithms (SEA 2021)", "found": 23, "expected": 23, "pages": 435, "pdf_bytes": 24538280}
{"volume": "37th International Symposium on Computational Geometry (SoCG 2021)", "found": 65, "expected": 65, "pages": 979, "pdf_bytes": 31760954}
{"volume": "26th International Conference on Types for Proofs and Programs (TYPES 2020)", "found": 11, "expected": 11, "pages": 205, "pdf_bytes": 3778546}
{"volume": "38th International Symposium on Theoretical Aspects of Computer Science (STACS 2021)", "found": 59, "expected": 59, "pages": 989, "pdf_bytes": 18705028}
{"volume": "24th International Conference on Database Theory (ICDT 2021)", "found": 22, "expected": 22, "pages": 439, "pdf_bytes": 15186571}
{"volume": "12th Innovations in Theoretical Computer Science Conference (ITCS 2021)", "found": 89, "expected": 89, "pages": 1551, "pdf_bytes": 44422836}
{"volume": "24th International Conference on Principles of Distributed Systems (OPODIS 2020)", "found": 33, "expected": 33, "pages": 515, "pdf_bytes": 19634529}
{"volume": "29th EACSL Annual Conference on Computer Science Logic (CSL 2021)", "found": 38, "expected": 38, "pages": 735, "pdf_bytes": 20909550}
{"volume": "40th IARCS Annual Conference on Foundations of Software Technology and Theoretical Computer Science (FSTTCS 2020)", "found": 58, "expected": 58, "pages": 913, "pdf_bytes": 30706256}
{"volume": "31st International Symposium on Algorithms and Computation (ISAAC 2020)", "found": 65, "expected": 65, "pages": 1013, "pdf_bytes": 37692166}
{"volume": "15th International Symposium on Parameterized and Exact Computation (IPEC 2020)", "found": 37, "expected": 37, "pages": 499, "pdf_bytes": 18848920}
{"volume": "34th International Symposium on Distributed Computing (DISC 2020)", "found": 54, "expected": 54, "pages": 769, "pdf_bytes": 29902945}
{"volume": "27th International Symposium on Temporal Representation and Reasoning (TIME 2020)", "found": 19, "expected": 19, "pages": 293, "pdf_bytes": 12051387}
{"volume": "Approximation, Randomization, and Combinatorial Optimization. Algorithms and Techniques (APPROX/RANDOM 2020)", "found": 0, "expected": 64, "pages": 1229, "pdf_bytes": 35738235}
{"volume": "25th International Conference on Types for Proofs and Programs (TYPES 2019)", "found": 10, "expected": 10, "pages": 257, "pdf_bytes": 6074170}
{"volume": "28th Annual European Symposium on Algorithms (ESA 2020)", "found": 83, "expected": 83, "pages": 1599, "pdf_bytes": 60433653}
{"volume": "20th International Workshop on Algorithms in Bioinformatics (WABI 2020)", "found": 19, "expected": 19, "pages": 361, "pdf_bytes": 21248299}
{"volume": "31st International Conference on Concurrency Theory (CONCUR 2020)", "found": 50, "expected": 50, "pages": 985, "pdf_bytes": 55647686}
{"volume": "45th International Symposium on Mathematical Foundations of Computer Science (MFCS 2020)", "found": 85, "expected": 85, "pages": 1217, "pdf_bytes": 54648536}
{"volume": "35th Computational Complexity Conference (CCC 2020)", "found": 38, "expected": 38, "pages": 1069, "pdf_bytes": 25440043}
{"volume": "47th International Colloquium on Automata, Languages, and Programming (ICALP 2020)", "found": 141, "expected": 141, "pages": 2447, "pdf_bytes": 80035018}
{"volume": "5th International Conference on Formal Structures for Computation and Deduction (FSCD 2020)", "found": 37, "expected": 37, "pages": 733, "pdf_bytes": 20630906}
{"volume": "36th International Symposium on Computational Geometry (SoCG 2020)", "found": 85, "expected": 85, "pages": 1223, "pdf_bytes": 95497212}
{"volume": "1st Conference on Information-Theoretic Cryptography (ITC 2020)", "found": 16, "expected": 16, "pages": 353, "pdf_bytes": 12514184}
{"volume": "17th Scandinavian Symposium and Workshops on Algorithm Theory (SWAT 2020)", "found": 36, "expected": 36, "pages": 607, "pdf_bytes": 23207298}
{"volume": "31st Annual Symposium on Combinatorial Pattern Matching (CPM 2020)", "found": 29, "expected": 29, "pages": 419, "pdf_bytes": 18006472}
{"volume": "18th International Symposium on Experimental Algorithms (SEA 2020)", "found": 27, "expected": 27, "pages": 367, "pdf_bytes": 24608659}
{"volume": "15th Conference on the Theory of Quantum Computation, Communication and Cryptography (TQC 2020)", "found": 12, "expected": 12, "pages": 231, "pdf_bytes": 6974497}
{"volume": "10th International Conference on Fun with Algorithms (FUN 2021)", "found": 24, "expected": 24, "pages": 417, "pdf_bytes": 17194888}
{"volume": "23rd International Conference on Database Theory (ICDT 2020)", "found": 25, "expected": 25, "pages": 455, "pdf_bytes": 14532966}
{"volume": "37th International Symposium on Theoretical Aspects of Computer Science (STACS 2020)", "found": 60, "expected": 60, "pages": 1025, "pdf_bytes": 32500079}
{"volume": "23rd International Conference on Principles of Distributed Systems (OPODIS 2019)", "found": 35, "expected": 35, "pages": 565, "pdf_bytes": 33584384}
{"volume": "28th EACSL Annual Conference on Computer Science Logic (CSL 2020)", "found": 37, "expected": 37, "pages": 619, "pdf_bytes": 19421967}
{"volume": "11th Innovations in Theoretical Computer Science Conference (ITCS 2020)", "found": 86, "expected": 86, "pages": 2333, "pdf_bytes": 64829637}
{"volume": "39th IARCS Annual Conference on Foundations of Software Technology and Theoretical Computer Science (FSTTCS 2019)", "found": 51, "expected": 51, "pages": 697, "pdf_bytes": 24780715}
{"volume": "30th International Symposium on Algorithms and Computation (ISAAC 2019)", "found": 64, "expected": 64, "pages": 1089, "pdf_bytes": 40413365}
{"volume": "14th International Symposium on Parameterized and Exact Computation (IPEC 2019)", "found": 25, "expected": 25, "pages": 415, "pdf_bytes": 15099142}
{"volume": "26th International Symposium on Temporal Representation and Reasoning (TIME 2019)", "found": 20, "expected": 20, "pages": 321, "pdf_bytes": 14662998}
{"volume": "33rd International Symposium on Distributed Computing (DISC 2019)", "found": 49, "expected": 49, "pages": 641, "pdf_bytes": 25663531}
{"volume": "Approximation, Randomization, and Combinatorial Optimization. Algorithms and Techniques (APPROX/RANDOM 2019)", "found": 0, "expected": 72, "pages": 1383, "pdf_bytes": 43025874}
{"volume": "27th Annual European Symposium on Algorithms (ESA 2019)", "found": 83, "expected": 83, "pages": 1313, "pdf_bytes": 50066387}
{"volume": "19th International Workshop on Algorithms in Bioinformatics (WABI 2019)", "found": 24, "expected": 24, "pages": 351, "pdf_bytes": 32173619}
