Candidates 669 sources 65
{
  "additive2017": 3,
  "bandeira2015": 29,
  "bodirskycsp": 3,
  "codeequiv2026": 3,
  "cspbook2017": 7,
  "cspfine2020": 2,
  "cygan2015": 25,
  "eccc2011_093": 1,
  "eccc2011_108": 5,
  "eccc2012_009": 2,
  "eccc2012_084": 1,
  "eccc2013_017": 1,
  "eccc2013_119": 1,
  "eccc2013_166": 1,
  "eccc2014_041": 2,
  "eccc2015_027": 1,
  "eccc2015_060": 3,
  "eccc2015_063": 1,
  "eccc2015_156": 11,
  "eccc2016_109": 10,
  "eccc2017_004": 10,
  "eccc2017_065": 3,
  "eccc2017_067": 3,
  "eccc2017_113": 4,
  "eccc2018_001": 22,
  "eccc2018_125": 1,
  "eccc2018_151": 4,
  "eccc2019_106": 3,
  "eccc2020_078": 2,
  "eccc2020_086": 20,
  "eccc2021_061": 3,
  "eccc2021_088": 8,
  "eccc2021_120": 17,
  "eccc2022_081": 1,
  "eccc2022_121": 1,
  "eccc2022_142": 9,
  "eccc2022_170": 18,
  "eccc2023_019": 16,
  "eccc2023_094": 16,
  "eccc2023_179": 3,
  "eccc2024_012": 7,
  "eccc2024_078": 1,
  "eccc2024_109": 1,
  "eccc2024_159": 5,
  "eccc2025_041": 11,
  "eccc2025_083": 8,
  "eccc2025_086": 1,
  "eccc2025_207": 2,
  "eccc2026_045": 4,
  "eccc2026_088": 1,
  "edgemod2020": 9,
  "etr2024": 83,
  "fair2022": 11,
  "goldreich2017": 25,
  "jukna2012": 90,
  "juknasergeev2013": 20,
  "mixedfair2023": 10,
  "nonabelian2011": 5,
  "nordstrom2013": 21,
  "oliveira2025": 11,
  "raoyehudayoff": 5,
  "scheduling2017": 7,
  "simonsfourier2013": 1,
  "spanners2020": 10,
  "vadhan2012": 44
}
