Volumes 56 papers 2522
{'volume': '22nd International Conference on Types for Proofs and Programs (TYPES 2016)', 'found': 15, 'expected': 15, 'pages': 337, 'pdf_bytes': 7770227}
{'volume': '21st International Conference on Principles of Distributed Systems (OPODIS 2017)', 'found': 32, 'expected': 32, 'pages': 577, 'pdf_bytes': 20679248}
{'volume': '37th IARCS Annual Conference on Foundations of Software Technology and Theoretical Computer Science (FSTTCS 2017)', 'found': 47, 'expected': 47, 'pages': 669, 'pdf_bytes': 22703118}
{'volume': '28th International Symposium on Algorithms and Computation (ISAAC 2017)', 'found': 67, 'expected': 67, 'pages': 857, 'pdf_bytes': 42648036}
{'volume': '31st International Symposium on Distributed Computing (DISC 2017)', 'found': 59, 'expected': 59, 'pages': 719, 'pdf_bytes': 30951682}
{'volume': '24th International Symposium on Temporal Representation and Reasoning (TIME 2017)', 'found': 23, 'expected': 23, 'pages': 423, 'pdf_bytes': 15834224}
{'volume': '12th International Symposium on Parameterized and Exact Computation (IPEC 2017)', 'found': 30, 'expected': 30, 'pages': 397, 'pdf_bytes': 16847792}
{'volume': '17th International Workshop on Algorithms in Bioinformatics (WABI 2017)', 'found': 27, 'expected': 27, 'pages': 395, 'pdf_bytes': 23150691}
{'volume': '25th Annual European Symposium on Algorithms (ESA 2017)', 'found': 70, 'expected': 70, 'pages': 1013, 'pdf_bytes': 37048632}
{'volume': '28th International Conference on Concurrency Theory (CONCUR 2017)', 'found': 40, 'expected': 40, 'pages': 675, 'pdf_bytes': 22025930}
{'volume': '2nd International Conference on Formal Structures for Computation and Deduction (FSCD 2017)', 'found': 33, 'expected': 33, 'pages': 549, 'pdf_bytes': 18250863}
{'volume': '42nd International Symposium on Mathematical Foundations of Computer Science (MFCS 2017)', 'found': 85, 'expected': 85, 'pages': 1203, 'pdf_bytes': 41203059}
{'volume': '26th EACSL Annual Conference on Computer Science Logic (CSL 2017)', 'found': 42, 'expected': 42, 'pages': 693, 'pdf_bytes': 22950589}
{'volume': 'Approximation, Randomization, and Combinatorial Optimization. Algorithms and Techniques (APPROX/RANDOM 2017)', 'found': 0, 'expected': 49, 'pages': 895, 'pdf_bytes': 28030337}
{'volume': '44th International Colloquium on Automata, Languages, and Programming (ICALP 2017)', 'found': 141, 'expected': 141, 'pages': 2009, 'pdf_bytes': 77104859}
{'volume': '32nd Computational Complexity Conference (CCC 2017)', 'found': 33, 'expected': 33, 'pages': 959, 'pdf_bytes': 21315911}
{'volume': '28th Annual Symposium on Combinatorial Pattern Matching (CPM 2017)', 'found': 31, 'expected': 31, 'pages': 417, 'pdf_bytes': 15043860}
{'volume': '33rd International Symposium on Computational Geometry (SoCG 2017)', 'found': 67, 'expected': 67, 'pages': 997, 'pdf_bytes': 60485693}
{'volume': '16th International Symposium on Experimental Algorithms (SEA 2017)', 'found': 33, 'expected': 33, 'pages': 523, 'pdf_bytes': 38011224}
{'volume': '12th Conference on the Theory of Quantum Computation, Communication and Cryptography (TQC 2017)', 'found': 10, 'expected': 10, 'pages': 197, 'pdf_bytes': 6367252}
{'volume': '7th Conference on Algebra and Coalgebra in Computer Science (CALCO 2017)', 'found': 25, 'expected': 25, 'pages': 407, 'pdf_bytes': 13746823}
{'volume': '20th International Conference on Principles of Distributed Systems (OPODIS 2016)', 'found': 35, 'expected': 35, 'pages': 545, 'pdf_bytes': 17777912}
{'volume': '21st International Conference on Types for Proofs and Programs (TYPES 2015)', 'found': 9, 'expected': 9, 'pages': 263, 'pdf_bytes': 5898459}
{'volume': '20th International Conference on Database Theory (ICDT 2017)', 'found': 22, 'expected': 22, 'pages': 381, 'pdf_bytes': 12302037}
{'volume': '8th Innovations in Theoretical Computer Science Conference (ITCS 2017)', 'found': 60, 'expected': 60, 'pages': 1239, 'pdf_bytes': 33738968}
{'volume': '34th Symposium on Theoretical Aspects of Computer Science (STACS 2017)', 'found': 58, 'expected': 58, 'pages': 779, 'pdf_bytes': 28382592}
{'volume': '36th IARCS Annual Conference on Foundations of Software Technology and Theoretical Computer Science (FSTTCS 2016)', 'found': 50, 'expected': 50, 'pages': 675, 'pdf_bytes': 24740209}
{'volume': '27th International Symposium on Algorithms and Computation (ISAAC 2016)', 'found': 64, 'expected': 64, 'pages': 849, 'pdf_bytes': 32118292}
{'volume': '11th International Symposium on Parameterized and Exact Computation (IPEC 2016)', 'found': 30, 'expected': 30, 'pages': 427, 'pdf_bytes': 14933218}
{'volume': '25th EACSL Annual Conference on Computer Science Logic (CSL 2016)', 'found': 42, 'expected': 42, 'pages': 681, 'pdf_bytes': 23508940}
{'volume': '11th Conference on the Theory of Quantum Computation, Communication and Cryptography (TQC 2016)', 'found': 9, 'expected': 9, 'pages': 193, 'pdf_bytes': 5233488}
{'volume': 'Approximation, Randomization, and Combinatorial Optimization. Algorithms and Techniques (APPROX/RANDOM 2016)', 'found': 46, 'expected': 47, 'pages': 897, 'pdf_bytes': 26295979}
{'volume': '27th International Conference on Concurrency Theory (CONCUR 2016)', 'found': 37, 'expected': 37, 'pages': 571, 'pdf_bytes': 19553959}
{'volume': '41st International Symposium on Mathematical Foundations of Computer Science (MFCS 2016)', 'found': 87, 'expected': 89, 'pages': 1213, 'pdf_bytes': 45190517}
{'volume': '24th Annual European Symposium on Algorithms (ESA 2016)', 'found': 78, 'expected': 78, 'pages': 1293, 'pdf_bytes': 53561286}
{'volume': '43rd International Colloquium on Automata, Languages, and Programming (ICALP 2016)', 'found': 150, 'expected': 150, 'pages': 2123, 'pdf_bytes': 76368480}
{'volume': '27th Annual Symposium on Combinatorial Pattern Matching (CPM 2016)', 'found': 29, 'expected': 29, 'pages': 367, 'pdf_bytes': 14725846}
{'volume': '15th Scandinavian Symposium and Workshops on Algorithm Theory (SWAT 2016)', 'found': 33, 'expected': 33, 'pages': 427, 'pdf_bytes': 15104458}
{'volume': '1st International Conference on Formal Structures for Computation and Deduction (FSCD 2016)', 'found': 36, 'expected': 36, 'pages': 561, 'pdf_bytes': 18998609}
{'volume': '32nd International Symposium on Computational Geometry (SoCG 2016)', 'found': 72, 'expected': 72, 'pages': 1009, 'pdf_bytes': 51518871}
{'volume': '31st Conference on Computational Complexity (CCC 2016)', 'found': 35, 'expected': 35, 'pages': 867, 'pdf_bytes': 20366839}
{'volume': '8th International Conference on Fun with Algorithms (FUN 2016)', 'found': 25, 'expected': 25, 'pages': 395, 'pdf_bytes': 23373578}
{'volume': '19th International Conference on Database Theory (ICDT 2016)', 'found': 23, 'expected': 23, 'pages': 381, 'pdf_bytes': 12639238}
{'volume': '33rd Symposium on Theoretical Aspects of Computer Science (STACS 2016)', 'found': 58, 'expected': 58, 'pages': 799, 'pdf_bytes': 29152745}
{'volume': '19th International Conference on Principles of Distributed Systems (OPODIS 2015)', 'found': 36, 'expected': 36, 'pages': 577, 'pdf_bytes': 19858140}
{'volume': '35th IARCS Annual Conference on Foundations of Software Technology and Theoretical Computer Science (FSTTCS 2015)', 'found': 48, 'expected': 48, 'pages': 618, 'pdf_bytes': 22944605}
{'volume': '10th Conference on the Theory of Quantum Computation, Communication and Cryptography (TQC 2015)', 'found': 16, 'expected': 16, 'pages': 264, 'pdf_bytes': 10252164}
{'volume': '10th International Symposium on Parameterized and Exact Computation (IPEC 2015)', 'found': 34, 'expected': 34, 'pages': 428, 'pdf_bytes': 16072065}
{'volume': '26th International Conference on Concurrency Theory (CONCUR 2015)', 'found': 38, 'expected': 38, 'pages': 525, 'pdf_bytes': 19925097}
{'volume': '24th EACSL Annual Conference on Computer Science Logic (CSL 2015)', 'found': 43, 'expected': 43, 'pages': 684, 'pdf_bytes': 22492225}
{'volume': 'Approximation, Randomization, and Combinatorial Optimization. Algorithms and Techniques (APPROX/RANDOM 2015)', 'found': 55, 'expected': 56, 'pages': 977, 'pdf_bytes': 30451152}
{'volume': '6th Conference on Algebra and Coalgebra in Computer Science (CALCO 2015)', 'found': 21, 'expected': 21, 'pages': 364, 'pdf_bytes': 12975068}
{'volume': '31st International Symposium on Computational Geometry (SoCG 2015)', 'found': 65, 'expected': 65, 'pages': 893, 'pdf_bytes': 35517105}
{'volume': '30th Conference on Computational Complexity (CCC 2015)', 'found': 30, 'expected': 30, 'pages': 683, 'pdf_bytes': 16420163}
{'volume': '18th International Conference on Database Theory (ICDT 2015)', 'found': 25, 'expected': 25, 'pages': 414, 'pdf_bytes': 12391260}
{'volume': '32nd International Symposium on Theoretical Aspects of Computer Science (STACS 2015)', 'found': 60, 'expected': 60, 'pages': 775, 'pdf_bytes': 29931930}
