Volumes 18 papers 1769
Fetched 100 errors 0
Fetched 200 errors 0
Fetched 300 errors 0
Syntax Warning: Could not parse ligature component "caret" of "caret_right" in parseCharName
Syntax Warning: Could not parse ligature component "right" of "caret_right" in parseCharName
Syntax Warning: Could not parse ligature component "caret" of "caret_right" in parseCharName
Syntax Warning: Could not parse ligature component "right" of "caret_right" in parseCharName
Syntax Warning: Could not parse ligature component "caret" of "caret_right" in parseCharName
Syntax Warning: Could not parse ligature component "right" of "caret_right" in parseCharName
Syntax Warning: Could not parse ligature component "caret" of "caret_right" in parseCharName
Syntax Warning: Could not parse ligature component "right" of "caret_right" in parseCharName
Syntax Warning: Could not parse ligature component "caret" of "caret_right" in parseCharName
Syntax Warning: Could not parse ligature component "right" of "caret_right" in parseCharName
Syntax Warning: Could not parse ligature component "caret" of "caret_right" in parseCharName
Syntax Warning: Could not parse ligature component "right" of "caret_right" in parseCharName
Syntax Warning: Could not parse ligature component "caret" of "caret_right" in parseCharName
Syntax Warning: Could not parse ligature component "right" of "caret_right" in parseCharName
Syntax Warning: Could not parse ligature component "caret" of "caret_right" in parseCharName
Syntax Warning: Could not parse ligature component "right" of "caret_right" in parseCharName
Syntax Warning: Could not parse ligature component "caret" of "caret_right" in parseCharName
Syntax Warning: Could not parse ligature component "right" of "caret_right" in parseCharName
Syntax Warning: Could not parse ligature component "caret" of "caret_right" in parseCharName
Syntax Warning: Could not parse ligature component "right" of "caret_right" in parseCharName
Fetched 400 errors 0
Fetched 500 errors 0
Fetched 600 errors 0
Fetched 700 errors 0
Fetched 800 errors 0
Fetched 900 errors 0
Fetched 1000 errors 0
Fetched 1100 errors 0
Syntax Error (939433): Missing 'endstream' or incorrect stream length
Syntax Error: Unknown operator 'endstream'
Fetched 1200 errors 0
Fetched 1300 errors 0
Syntax Error (82964): No current point in closepath
Syntax Error (82997): No current point in closepath
Syntax Error (86554): No current point in closepath
Syntax Error (86581): No current point in closepath
Fetched 1400 errors 0
Fetched 1500 errors 0
Internal Error: xref num 666 not found but needed, try to reconstruct<0a>
Fetched 1600 errors 0
Fetched 1700 errors 0
Syntax Error (875904): Dictionary key must be a name object
Syntax Error (875926): Dictionary key must be a name object
Syntax Error (875904): Dictionary key must be a name object
Syntax Error (875926): Dictionary key must be a name object
Syntax Error (875904): Dictionary key must be a name object
Syntax Error (875926): Dictionary key must be a name object
Syntax Error (875904): Dictionary key must be a name object
Syntax Error (875926): Dictionary key must be a name object
Syntax Error (875904): Dictionary key must be a name object
Syntax Error (875926): Dictionary key must be a name object
Finished 1769
