{
  "raw": 7134,
  "specific_passages": 5006,
  "unique_papers": 3557,
  "years": {
    "2026": 391,
    "2025": 398,
    "2024": 390,
    "2023": 326,
    "2022": 350,
    "2021": 309,
    "2020": 284,
    "2016": 188,
    "2011": 24,
    "2019": 243,
    "2018": 240,
    "2017": 205,
    "2015": 109,
    "2014": 39,
    "2013": 36,
    "2012": 25
  },
  "kinds": {
    "numbered_open_question": 130,
    "numbered_unresolved_statement": 187,
    "explicit_unresolved_passage": 2072,
    "question_in_open_section": 1168
  }
}
