python3 scripts/check.py
{"published":"2737 records","total":2737,"detailed":246,"version":"f4649381b0efe96dfe8d"}
{"categories": 35, "records": 2737, "assessed": 1026, "checks": ["idempotent ranking", "all category positions including empty categories", "new categories preserve provisional assessments", "date-independent importance", "new detailed cards do not jump the queue", "resolved records last without losing historical score", "CSV and offline parity", "all-category overview", "editorial focus prefixes", "nested Top 100 and Top 1000 exports", "explicit quota shortfalls", "resolved and archived focus choices invalidated", "removed choices clear stale promotions"]}
{"categories": 35, "records": 2737, "checks": ["explicit editorial categories", "stable keys and quotas", "no deleted records", "idempotent counts and rankings", "unknown categories rejected"]}
{"published":"2737 records","total":2737,"detailed":246,"version":"f4649381b0efe96dfe8d"}
{"published":[],"total":2737,"detailed":246,"version":"f4649381b0efe96dfe8d"}
{"published":["TCS-6537"],"total":2737,"detailed":246,"version":"08f5791d5a2a1a6a4619"}
{"published":["TCS-6537"],"total":2737,"detailed":246,"version":"33c636dbd165a6a5156b"}
{"published":[],"total":2737,"detailed":246,"version":"33c636dbd165a6a5156b"}
{"published":"100 records","total":2738,"detailed":247,"version":"647fc4bd9f5902c30182"}
{"published":"99 records","total":2737,"detailed":246,"version":"67e5dcfb65d4ba8fd564"}
{"published":[],"total":2737,"detailed":246,"version":"67e5dcfb65d4ba8fd564"}
{"records": 2737, "checks": ["clean rebuild with no previous catalogue or research dependencies", "canonical inputs are never rewritten by publication", "repeat publication stability", "JSON, CSV, offline JavaScript and benchmark export parity", "single-file statement and summary edits", "invalid content cannot publish", "existing-card import protection", "deleted IDs and source keys cannot return", "stale source files and outputs cannot resurrect deletions", "deleted IDs stay reserved", "deletion-only live updates"]}
To /tmp/atlas-pages-test-kh68xw66/remote.git
 * [new branch]      HEAD -> gh-pages
To /tmp/atlas-pages-test-kh68xw66/remote.git
   660472f..07a0edd  HEAD -> gh-pages
{"version": "first", "files": 9, "bytes": 118, "records": 0, "categories": 0, "branch": "gh-pages", "commit": "660472f59545f39ea05f9f4292525deed9b2b875", "changed": true}
{"version": "first", "files": 9, "bytes": 118, "records": 0, "categories": 0, "branch": "gh-pages", "commit": "660472f59545f39ea05f9f4292525deed9b2b875", "changed": false}
{"version": "second", "files": 9, "bytes": 122, "records": 0, "categories": 0, "branch": "gh-pages", "commit": "07a0edd18aad685b8b263ede1f8f9e2634f753f4", "changed": true}
{"checks": ["first deployment", "unchanged deployment", "history-preserving update", "removed files disappear", "source branch and staged work preserved", "incomplete publication rejected"]}
